// Jest Snapshot v1, https://goo.gl/fbAQLP

exports[`LoginDialog component login dialog matches snapshot 1`] = `
<DocumentFragment>
  <div>
    <form
      class="login-form"
    >
      <div
        class="modal show dialog-active "
        data-last-update="0"
        role="dialog"
        style="display: block;"
        tabindex="-1"
      >
        <div
          class="modal-dialog"
          id="login"
          role="document"
        >
          <div
            class="modal-content"
          >
            <div
              class="modal-header"
            >
              <h5
                class="modal-title"
              >
                Log into Musical Bingo
              </h5>
              <button
                aria-label="Close"
                class="close"
                data-dismiss="modal"
                type="button"
              >
                <span
                  aria-hidden="true"
                >
                  Ã—
                </span>
              </button>
            </div>
            <div
              class="modal-body"
            >
              <div
                class="alert alert-warning"
                role="alert"
              >
                <span
                  class="error-message"
                />
              </div>
              <div
                class="form-group"
              >
                <label
                  for="field-username"
                >
                  User name or email address
                  <span
                    class="required"
                  >
                    *
                  </span>
                </label>
                <input
                  class="form-control username  "
                  id="field-username"
                  name="username"
                  placeholder="User name or email address"
                  type="text"
                />
                <small
                  class="form-text text-muted"
                >
                  This is the name you used when you registered your account
                </small>
              </div>
              <div
                class="form-group"
              >
                <label
                  for="field-password"
                >
                  Password
                  <span
                    class="required"
                  >
                    *
                  </span>
                </label>
                <input
                  class="form-control password  "
                  id="field-password"
                  name="password"
                  placeholder="Password"
                  type="password"
                />
                <small
                  class="form-text text-muted"
                />
              </div>
              <div
                class="form-check"
              >
                <input
                  class="form-check-input"
                  id="rememberMe"
                  name="rememberme"
                  type="checkbox"
                />
                <label
                  class="form-check-label"
                  for="rememberMe"
                >
                  Remember me
                </label>
              </div>
            </div>
            <div
              class="modal-footer "
            >
              <div
                class="row mb-2 mt-3"
              >
                <p
                  class="password-reset col-8"
                >
                  <a
                    href="/user/reset"
                  >
                    Help, I have forgotten my password!
                  </a>
                </p>
                <span
                  class="col-4 pr-4"
                >
                  <button
                    aria-label="Submit"
                    class="btn btn-success btn-lg login-button"
                    type="submit"
                  >
                    Login
                  </button>
                </span>
              </div>
              <div
                class="row border-top pt-3 pb-2 create-account"
              >
                <span
                  class="col-5 text-center"
                >
                  <a
                    class="btn btn-primary register-button"
                    href="/register"
                  >
                    Create an account
                  </a>
                </span>
                <span
                  class="col-7"
                >
                  It is free and we won't pass on your details to anyone else.
                </span>
              </div>
            </div>
          </div>
        </div>
      </div>
    </form>
    <div
      class="modal-backdrop fade show"
    />
  </div>
</DocumentFragment>
`;
