// Jest Snapshot v1, https://goo.gl/fbAQLP

exports[`LogoutDialog component calls onCancel() and onConfirm() when buttons are clicked 1`] = `
<DocumentFragment>
  <div>
    <div
      class="modal show dialog-active "
      data-last-update="0"
      role="dialog"
      style="display: block;"
      tabindex="-1"
    >
      <div
        class="modal-dialog"
        id="logout"
        role="document"
      >
        <div
          class="modal-content"
        >
          <div
            class="modal-header"
          >
            <h5
              class="modal-title"
            >
              Logout from Musical Bingo?
            </h5>
            <button
              aria-label="Close"
              class="close"
              data-dismiss="modal"
              type="button"
            >
              <span
                aria-hidden="true"
              >
                Ã—
              </span>
            </button>
          </div>
          <div
            class="modal-body"
          >
            <h3>
              Would you like to log out?
            </h3>
          </div>
          <div
            class="modal-footer "
          >
            <div>
              <button
                class="btn btn-success login-button"
                type="button"
              >
                No, I want to stay!
              </button>
              <button
                class="btn btn-danger login-button"
                type="button"
              >
                Yes, log out
              </button>
            </div>
          </div>
        </div>
      </div>
    </div>
  </div>
</DocumentFragment>
`;
