// Jest Snapshot v1, https://goo.gl/fbAQLP

exports[`PasswordResetConfirmPage component renders without throwing an exception with initial state 1`] = `
<DocumentFragment>
  <div
    class="reset-sent"
  >
    <form
      class="change-password-form"
    >
      <div
        class="form-group"
      >
        <label
          for="field-email"
        >
          Email address
          <span
            class="required"
          >
            *
          </span>
        </label>
        <input
          class="form-control   "
          id="field-email"
          name="email"
          placeholder="Email address"
          type="text"
        />
        <small
          class="form-text text-muted"
        >
          The email address you used when you registered your account
        </small>
      </div>
      <input
        name="token"
        type="hidden"
        value="token"
      />
      <div
        class="form-group"
      >
        <label
          for="field-password"
        >
          New Password
          <span
            class="required"
          >
            *
          </span>
        </label>
        <input
          class="form-control password  "
          id="field-password"
          name="password"
          placeholder="Choose a new password"
          type="password"
        />
        <small
          class="form-text text-muted"
        >
          The password needs to be at least 5 characters in length.
        </small>
      </div>
      <div
        class="form-group"
      >
        <label
          for="field-confirmPassword"
        >
          Confirm New Password
          <span
            class="required"
          >
            *
          </span>
        </label>
        <input
          class="form-control password  "
          id="field-confirmPassword"
          name="confirmPassword"
          placeholder="Confirm New Password"
          type="password"
        />
        <small
          class="form-text text-muted"
        >
          Please enter the password a second time to make sure you have typed it correctly
        </small>
      </div>
      <div
        class="form-text text-muted"
      >
        * = a required field
      </div>
      <div
        class="form-group modal-footer"
      >
        <button
          class="btn btn-primary"
          type="submit"
        >
          Reset Password
        </button>
        <button
          class="btn btn-danger"
          name="cancel"
          type="cancel"
        >
          Cancel
        </button>
      </div>
    </form>
  </div>
</DocumentFragment>
`;
