// Jest Snapshot v1, https://goo.gl/fbAQLP

exports[`TrackListingPage component to render track listing for game 18-04-22-2 1`] = `
<DocumentFragment>
  <div
    class=""
    id="track-listing-page"
  >
    <div
      class="action-panel"
    >
      <button
        class="btn btn-primary ml-2"
      >
        Import Game
      </button>
      <button
        class="btn btn-primary ml-2"
      >
        Export game
      </button>
      <button
        class="btn btn-danger ml-2"
      >
        Delete game
      </button>
    </div>
    <form
      class="modify-game border"
    >
      <button
        class="btn btn-light refresh-icon btn-sm"
      >
        â†»
      </button>
      <div
        class="form-group"
      >
        <label
          for="field-title"
        >
          Title
          <span
            class="required"
          >
            *
          </span>
        </label>
        <input
          class="form-control title  "
          id="field-title"
          name="title"
          placeholder="Title"
          type="text"
        />
        <small
          class="form-text text-muted"
        >
          Title for this round
        </small>
      </div>
      <div
        class="form-group row"
      >
        <div
          class="col-5"
        >
          <label
            for="field-startDate"
          >
            Start Date
            <span
              class="required"
            >
              *
            </span>
          </label>
          <input
            class="form-control start  "
            id="field-startDate"
            name="startDate"
            placeholder="Start Date"
            type="date"
          />
        </div>
        <div
          class="col-5"
        >
          <label
            for="field-startTime"
          >
            Start Time
            <span
              class="required"
            >
              *
            </span>
          </label>
          <input
            class="form-control start  "
            id="field-startTime"
            name="startTime"
            placeholder="Start Time"
            type="time"
          />
        </div>
      </div>
      <div
        class="form-group row"
      >
        <div
          class="col-5"
        >
          <label
            for="field-endDate"
          >
            End Date
            <span
              class="required"
            >
              *
            </span>
          </label>
          <input
            class="form-control end  "
            id="field-endDate"
            name="endDate"
            placeholder="End Date"
            type="date"
          />
        </div>
        <div
          class="col-5"
        >
          <label
            for="field-endTime"
          >
            End Time
            <span
              class="required"
            >
              *
            </span>
          </label>
          <input
            class="form-control end  "
            id="field-endTime"
            name="endTime"
            placeholder="End Time"
            type="time"
          />
        </div>
      </div>
      <div
        class="form-group"
      >
        <label
          for="field-colour"
        >
          Colour Scheme
        </label>
        <select
          class="form-control colour  "
          id="field-colour"
          name="colour"
          placeholder="Colour Scheme"
        >
          <option
            value="blue"
          >
            blue
          </option>
          <option
            value="christmas"
          >
            christmas
          </option>
          <option
            value="cyan"
          >
            cyan
          </option>
          <option
            value="green"
          >
            green
          </option>
          <option
            value="grey"
          >
            grey
          </option>
          <option
            value="magenta"
          >
            magenta
          </option>
          <option
            value="orange"
          >
            orange
          </option>
          <option
            value="pink"
          >
            pink
          </option>
          <option
            value="pride"
          >
            pride
          </option>
          <option
            value="purple"
          >
            purple
          </option>
          <option
            value="red"
          >
            red
          </option>
          <option
            value="yellow"
          >
            yellow
          </option>
        </select>
        <small
          class="form-text text-muted"
        >
          Colour scheme for this round
        </small>
      </div>
      <div
        class="form-group"
      >
        <label
          for="field-artist"
        >
          Include Artist
        </label>
        <input
          class="form-control   "
          id="field-artist"
          name="artist"
          placeholder="Include Artist"
          type="checkbox"
        />
      </div>
      <div
        class="clearfix"
      >
        <button
          class="btn btn-success login-button mr-4"
          type="submit"
        >
          Save Changes
        </button>
        <button
          class="btn btn-warning mr-4"
          name="reset"
          type="button"
        >
          Discard Changes
        </button>
      </div>
    </form>
    <div>
      <table
        class="table table-bordered track-listing"
      >
        <thead>
          <tr>
            <th
              class="heading"
              colspan="6"
            >
              Track listing for Game 18-04-22-2: "Various Artists"
            </th>
          </tr>
          <tr>
            <th
              class="number"
            >
              #
            </th>
            <th
              class="start-time"
            >
              Start
            </th>
            <th
              class="title"
            >
              Title
            </th>
            <th
              class="artist"
            >
              Artist
            </th>
            <th
              class="album"
            >
              Album
            </th>
            <th
              class="duration"
            >
              Duration
            </th>
          </tr>
        </thead>
        <tbody>
          <tr
            class="track blue-theme"
            data-testid="track[6597]"
          >
            <td
              class="number"
            >
              1
            </td>
            <td
              class="start-time"
            >
              00:00.0
            </td>
            <td
              class="title"
            >
              Dancing In The Moonlight
            </td>
            <td
              class="artist"
            >
              Toploader
            </td>
            <td
              class="album"
            >
              lost+found
            </td>
            <td
              class="duration"
            >
              00:00.0
            </td>
          </tr>
          <tr
            class="track blue-theme"
            data-testid="track[6598]"
          >
            <td
              class="number"
            >
              2
            </td>
            <td
              class="start-time"
            >
              00:00.0
            </td>
            <td
              class="title"
            >
              Here I Go Again
            </td>
            <td
              class="artist"
            >
              Whitesnake
            </td>
            <td
              class="album"
            >
              lost+found
            </td>
            <td
              class="duration"
            >
              00:00.0
            </td>
          </tr>
          <tr
            class="track blue-theme"
            data-testid="track[6599]"
          >
            <td
              class="number"
            >
              3
            </td>
            <td
              class="start-time"
            >
              00:00.0
            </td>
            <td
              class="title"
            >
              Give It Away
            </td>
            <td
              class="artist"
            >
              Red Hot Chili Peppers
            </td>
            <td
              class="album"
            >
              lost+found
            </td>
            <td
              class="duration"
            >
              00:00.0
            </td>
          </tr>
          <tr
            class="track blue-theme"
            data-testid="track[6600]"
          >
            <td
              class="number"
            >
              4
            </td>
            <td
              class="start-time"
            >
              00:00.0
            </td>
            <td
              class="title"
            >
              In The Midnight Hour
            </td>
            <td
              class="artist"
            >
              Wilson Pickett
            </td>
            <td
              class="album"
            >
              lost+found
            </td>
            <td
              class="duration"
            >
              00:00.0
            </td>
          </tr>
          <tr
            class="track blue-theme"
            data-testid="track[6601]"
          >
            <td
              class="number"
            >
              5
            </td>
            <td
              class="start-time"
            >
              00:00.0
            </td>
            <td
              class="title"
            >
              A Message To You Rudy (ft. Rico)
            </td>
            <td
              class="artist"
            >
              The Specials
            </td>
            <td
              class="album"
            >
              lost+found
            </td>
            <td
              class="duration"
            >
              00:00.0
            </td>
          </tr>
          <tr
            class="track blue-theme"
            data-testid="track[6602]"
          >
            <td
              class="number"
            >
              6
            </td>
            <td
              class="start-time"
            >
              00:00.0
            </td>
            <td
              class="title"
            >
              Love Train
            </td>
            <td
              class="artist"
            >
              The O'jays
            </td>
            <td
              class="album"
            >
              lost+found
            </td>
            <td
              class="duration"
            >
              00:00.0
            </td>
          </tr>
          <tr
            class="track blue-theme"
            data-testid="track[6603]"
          >
            <td
              class="number"
            >
              7
            </td>
            <td
              class="start-time"
            >
              00:00.0
            </td>
            <td
              class="title"
            >
              Le Freak
            </td>
            <td
              class="artist"
            >
              Chic
            </td>
            <td
              class="album"
            >
              lost+found
            </td>
            <td
              class="duration"
            >
              00:00.0
            </td>
          </tr>
          <tr
            class="track blue-theme"
            data-testid="track[6604]"
          >
            <td
              class="number"
            >
              8
            </td>
            <td
              class="start-time"
            >
              00:00.0
            </td>
            <td
              class="title"
            >
              Worried About Ray
            </td>
            <td
              class="artist"
            >
              The Hoosiers
            </td>
            <td
              class="album"
            >
              lost+found
            </td>
            <td
              class="duration"
            >
              00:00.0
            </td>
          </tr>
          <tr
            class="track blue-theme"
            data-testid="track[6605]"
          >
            <td
              class="number"
            >
              9
            </td>
            <td
              class="start-time"
            >
              00:00.0
            </td>
            <td
              class="title"
            >
              (Dont Fear) The Reaper
            </td>
            <td
              class="artist"
            >
              Blue Oyster Cult
            </td>
            <td
              class="album"
            >
              lost+found
            </td>
            <td
              class="duration"
            >
              00:00.0
            </td>
          </tr>
          <tr
            class="track blue-theme"
            data-testid="track[6606]"
          >
            <td
              class="number"
            >
              10
            </td>
            <td
              class="start-time"
            >
              00:00.0
            </td>
            <td
              class="title"
            >
              December, 1963 (Oh What A Night!)
            </td>
            <td
              class="artist"
            >
              Frankie Valli & The Four Seasons
            </td>
            <td
              class="album"
            >
              lost+found
            </td>
            <td
              class="duration"
            >
              00:00.0
            </td>
          </tr>
          <tr
            class="track blue-theme"
            data-testid="track[6607]"
          >
            <td
              class="number"
            >
              11
            </td>
            <td
              class="start-time"
            >
              00:00.0
            </td>
            <td
              class="title"
            >
              Brown Eyed Girl
            </td>
            <td
              class="artist"
            >
              Van Morrison
            </td>
            <td
              class="album"
            >
              lost+found
            </td>
            <td
              class="duration"
            >
              00:00.0
            </td>
          </tr>
          <tr
            class="track blue-theme"
            data-testid="track[6608]"
          >
            <td
              class="number"
            >
              12
            </td>
            <td
              class="start-time"
            >
              00:00.0
            </td>
            <td
              class="title"
            >
              Didn't I (Blow Your Mind This Time)
            </td>
            <td
              class="artist"
            >
              The Delfonics
            </td>
            <td
              class="album"
            >
              lost+found
            </td>
            <td
              class="duration"
            >
              00:00.0
            </td>
          </tr>
          <tr
            class="track blue-theme"
            data-testid="track[6609]"
          >
            <td
              class="number"
            >
              13
            </td>
            <td
              class="start-time"
            >
              00:00.0
            </td>
            <td
              class="title"
            >
              Break On Through
            </td>
            <td
              class="artist"
            >
              The Doors
            </td>
            <td
              class="album"
            >
              lost+found
            </td>
            <td
              class="duration"
            >
              00:00.0
            </td>
          </tr>
          <tr
            class="track blue-theme"
            data-testid="track[6610]"
          >
            <td
              class="number"
            >
              14
            </td>
            <td
              class="start-time"
            >
              00:00.0
            </td>
            <td
              class="title"
            >
              Pick Up The Pieces
            </td>
            <td
              class="artist"
            >
              Average White Band
            </td>
            <td
              class="album"
            >
              lost+found
            </td>
            <td
              class="duration"
            >
              00:00.0
            </td>
          </tr>
          <tr
            class="track blue-theme"
            data-testid="track[6611]"
          >
            <td
              class="number"
            >
              15
            </td>
            <td
              class="start-time"
            >
              00:00.0
            </td>
            <td
              class="title"
            >
              Ride A Wild Horse
            </td>
            <td
              class="artist"
            >
              Dee Clark
            </td>
            <td
              class="album"
            >
              lost+found
            </td>
            <td
              class="duration"
            >
              00:00.0
            </td>
          </tr>
          <tr
            class="track blue-theme"
            data-testid="track[6612]"
          >
            <td
              class="number"
            >
              16
            </td>
            <td
              class="start-time"
            >
              00:00.0
            </td>
            <td
              class="title"
            >
              Ferry Cross The Mersey (Mono)
            </td>
            <td
              class="artist"
            >
              Gerry & The Pacemakers
            </td>
            <td
              class="album"
            >
              lost+found
            </td>
            <td
              class="duration"
            >
              00:00.0
            </td>
          </tr>
          <tr
            class="track blue-theme"
            data-testid="track[6613]"
          >
            <td
              class="number"
            >
              17
            </td>
            <td
              class="start-time"
            >
              00:00.0
            </td>
            <td
              class="title"
            >
              September
            </td>
            <td
              class="artist"
            >
              Earth Wind & Fire
            </td>
            <td
              class="album"
            >
              lost+found
            </td>
            <td
              class="duration"
            >
              00:00.0
            </td>
          </tr>
          <tr
            class="track blue-theme"
            data-testid="track[6614]"
          >
            <td
              class="number"
            >
              18
            </td>
            <td
              class="start-time"
            >
              00:00.0
            </td>
            <td
              class="title"
            >
              Crazy Chick
            </td>
            <td
              class="artist"
            >
              Charlotte Church
            </td>
            <td
              class="album"
            >
              lost+found
            </td>
            <td
              class="duration"
            >
              00:00.0
            </td>
          </tr>
          <tr
            class="track blue-theme"
            data-testid="track[6615]"
          >
            <td
              class="number"
            >
              19
            </td>
            <td
              class="start-time"
            >
              00:00.0
            </td>
            <td
              class="title"
            >
              Black Betty
            </td>
            <td
              class="artist"
            >
              Ram Jam
            </td>
            <td
              class="album"
            >
              lost+found
            </td>
            <td
              class="duration"
            >
              00:00.0
            </td>
          </tr>
          <tr
            class="track blue-theme"
            data-testid="track[6616]"
          >
            <td
              class="number"
            >
              20
            </td>
            <td
              class="start-time"
            >
              00:00.0
            </td>
            <td
              class="title"
            >
              School's Out
            </td>
            <td
              class="artist"
            >
              Alice Cooper
            </td>
            <td
              class="album"
            >
              lost+found
            </td>
            <td
              class="duration"
            >
              00:00.0
            </td>
          </tr>
          <tr
            class="track blue-theme"
            data-testid="track[6617]"
          >
            <td
              class="number"
            >
              21
            </td>
            <td
              class="start-time"
            >
              00:00.0
            </td>
            <td
              class="title"
            >
              I'm Coming Out
            </td>
            <td
              class="artist"
            >
              Diana Ross
            </td>
            <td
              class="album"
            >
              lost+found
            </td>
            <td
              class="duration"
            >
              00:00.0
            </td>
          </tr>
          <tr
            class="track blue-theme"
            data-testid="track[6618]"
          >
            <td
              class="number"
            >
              22
            </td>
            <td
              class="start-time"
            >
              00:00.0
            </td>
            <td
              class="title"
            >
              Pretty In Pink
            </td>
            <td
              class="artist"
            >
              The Psychedelic Furs
            </td>
            <td
              class="album"
            >
              lost+found
            </td>
            <td
              class="duration"
            >
              00:00.0
            </td>
          </tr>
          <tr
            class="track blue-theme"
            data-testid="track[6619]"
          >
            <td
              class="number"
            >
              23
            </td>
            <td
              class="start-time"
            >
              00:00.0
            </td>
            <td
              class="title"
            >
              A Groovy Kind Of Love
            </td>
            <td
              class="artist"
            >
              Wayne Fontana & The Mindbenders
            </td>
            <td
              class="album"
            >
              lost+found
            </td>
            <td
              class="duration"
            >
              00:00.0
            </td>
          </tr>
          <tr
            class="track blue-theme"
            data-testid="track[6620]"
          >
            <td
              class="number"
            >
              24
            </td>
            <td
              class="start-time"
            >
              00:00.0
            </td>
            <td
              class="title"
            >
              (You Got Me) Danglin' On A String
            </td>
            <td
              class="artist"
            >
              Chairmen Of The Board
            </td>
            <td
              class="album"
            >
              lost+found
            </td>
            <td
              class="duration"
            >
              00:00.0
            </td>
          </tr>
          <tr
            class="track blue-theme"
            data-testid="track[6621]"
          >
            <td
              class="number"
            >
              25
            </td>
            <td
              class="start-time"
            >
              00:00.0
            </td>
            <td
              class="title"
            >
              Soul City Walk
            </td>
            <td
              class="artist"
            >
              Archie Bell And The Drells
            </td>
            <td
              class="album"
            >
              lost+found
            </td>
            <td
              class="duration"
            >
              00:00.0
            </td>
          </tr>
          <tr
            class="track blue-theme"
            data-testid="track[6622]"
          >
            <td
              class="number"
            >
              26
            </td>
            <td
              class="start-time"
            >
              00:00.0
            </td>
            <td
              class="title"
            >
              Home Is Where The Heart Is
            </td>
            <td
              class="artist"
            >
              Bobby Womack & The Brotherhood
            </td>
            <td
              class="album"
            >
              lost+found
            </td>
            <td
              class="duration"
            >
              00:00.0
            </td>
          </tr>
          <tr
            class="track blue-theme"
            data-testid="track[6623]"
          >
            <td
              class="number"
            >
              27
            </td>
            <td
              class="start-time"
            >
              00:00.0
            </td>
            <td
              class="title"
            >
              (Sittin' On) The Dock Of The Bay
            </td>
            <td
              class="artist"
            >
              Otis Redding
            </td>
            <td
              class="album"
            >
              lost+found
            </td>
            <td
              class="duration"
            >
              00:00.0
            </td>
          </tr>
          <tr
            class="track blue-theme"
            data-testid="track[6624]"
          >
            <td
              class="number"
            >
              28
            </td>
            <td
              class="start-time"
            >
              00:00.0
            </td>
            <td
              class="title"
            >
              Family Affair
            </td>
            <td
              class="artist"
            >
              Sly And The Family Stone
            </td>
            <td
              class="album"
            >
              lost+found
            </td>
            <td
              class="duration"
            >
              00:00.0
            </td>
          </tr>
          <tr
            class="track blue-theme"
            data-testid="track[6625]"
          >
            <td
              class="number"
            >
              29
            </td>
            <td
              class="start-time"
            >
              00:00.0
            </td>
            <td
              class="title"
            >
              Nu-flow
            </td>
            <td
              class="artist"
            >
              Big Brovaz
            </td>
            <td
              class="album"
            >
              lost+found
            </td>
            <td
              class="duration"
            >
              00:00.0
            </td>
          </tr>
          <tr
            class="track blue-theme"
            data-testid="track[6626]"
          >
            <td
              class="number"
            >
              30
            </td>
            <td
              class="start-time"
            >
              00:00.0
            </td>
            <td
              class="title"
            >
              Love & Pride
            </td>
            <td
              class="artist"
            >
              King
            </td>
            <td
              class="album"
            >
              lost+found
            </td>
            <td
              class="duration"
            >
              00:00.0
            </td>
          </tr>
        </tbody>
      </table>
    </div>
  </div>
</DocumentFragment>
`;
