// Jest Snapshot v1, https://goo.gl/fbAQLP

exports[`BusyDialog component renders busy dialog 1`] = `
<DocumentFragment>
  <div
    class="modal show dialog-active busy-dialog"
    data-last-update="0"
    role="dialog"
    style="display: block;"
    tabindex="-1"
  >
    <div
      class="modal-dialog"
      id="dialogbox"
      role="document"
    >
      <div
        class="modal-content"
      >
        <div
          class="modal-header"
        >
          <h5
            class="modal-title"
          >
            Dialog Title
          </h5>
          <button
            aria-label="Close"
            class="close"
            data-dismiss="modal"
            type="button"
          >
            <span
              aria-hidden="true"
            >
              Ã—
            </span>
          </button>
        </div>
        <div
          class="modal-body"
        >
          <div>
            <p>
              child elements
            </p>
          </div>
          49%
        </div>
        <div
          class="modal-footer "
        >
          <div>
            <button
              class="btn btn-secondary cancel-button"
              data-dismiss="modal"
            >
              Cancel
            </button>
          </div>
        </div>
      </div>
    </div>
  </div>
</DocumentFragment>
`;
