// Vitest Snapshot v1, https://vitest.dev/guide/snapshot.html

exports[`LinkCell component > matches snapshot 1`] = `
<DocumentFragment>
  <div
    class="rs-cell"
    role="gridcell"
    style="width: 0px; height: 46px; z-index: 0; left: 0px;"
  >
    <div
      class="rs-cell-content"
      style="width: 0px; height: 46px;"
    >
      <span
        class="link-class"
      >
        <a
          href="/song/5"
        >
          5
        </a>
      </span>
    </div>
  </div>
</DocumentFragment>
`;
