// Vitest Snapshot v1, https://vitest.dev/guide/snapshot.html

exports[`NavMenuComponent > NavMenuComponent > matches snapshot 1`] = `
<DocumentFragment>
  <nav
    class="menu-class"
    id="nav-menu"
  >
    <a
      class="navbar-brand"
      href="/"
    >
      <img
        alt=""
        class="d-inline-block align-top"
        height="30"
        src="/public/img/Icon.png"
        width="30"
      />
      Musical Bingo
    </a>
    <button
      aria-controls="nav-menu"
      aria-expanded="false"
      aria-label="Toggle navigation"
      class="navbar-toggler"
      data-target="#nav-menu"
      data-toggle="collapse"
      type="button"
    >
      <span
        class="navbar-toggler-icon"
      />
    </button>
    <div
      class="collapse navbar-collapse"
      id="navbarNav"
    >
      <ul
        class="nav nav-pills"
      >
        <li
          class="nav-item "
        >
          <a
            class="nav-link "
            href="/"
          >
            Home 
            <span
              class="sr-only"
            >
              (current)
            </span>
          </a>
        </li>
        <li
          class="nav-item "
        >
          <a
            class="nav-link "
            href="/game"
          >
            Now Playing
          </a>
        </li>
        <li
          class="nav-item dropdown active"
        >
          <button
            aria-expanded="false"
            class="nav-link dropdown-toggle active "
          >
            Previous Games
          </button>
          <ul
            class="dropdown-menu  "
          >
            <li>
              <a
                class="dropdown-item"
                href="/game/one"
              >
                game title one
              </a>
            </li>
            <li>
              <a
                class="dropdown-item"
                href="/game/two"
              >
                game title two
              </a>
            </li>
          </ul>
        </li>
        <li
          class="nav-item dropdown "
        >
          <button
            aria-expanded="false"
            class="nav-link dropdown-toggle  "
          >
            Fred Flintstone
          </button>
          <ul
            class="dropdown-menu  "
          >
            <li>
              <a
                class="dropdown-item"
                href="/user/one"
              >
                User title one
              </a>
            </li>
            <li>
              <a
                class="dropdown-item"
                href="/user/two"
              >
                user title two
              </a>
            </li>
          </ul>
        </li>
      </ul>
    </div>
  </nav>
</DocumentFragment>
`;
