// Jest Snapshot v1, https://goo.gl/fbAQLP

exports[`NavPanel component matches JSON snapshot 1`] = `
<DocumentFragment>
  <div
    id="nav-bar"
  >
    <nav
      class="navbar navbar-expand navbar-light "
      id="nav-menu"
    >
      <a
        class="navbar-brand"
        href="/"
      >
        <img
          alt=""
          class="d-inline-block align-top"
          height="30"
          src="/img/Icon.png"
          width="30"
        />
        Musical Bingo
      </a>
      <button
        aria-controls="nav-menu"
        aria-expanded="false"
        aria-label="Toggle navigation"
        class="navbar-toggler"
        data-target="#nav-menu"
        data-toggle="collapse"
        type="button"
      >
        <span
          class="navbar-toggler-icon"
        />
      </button>
      <div
        class="collapse navbar-collapse"
        id="navbarNav"
      >
        <ul
          class="nav nav-pills"
        >
          <li
            class="nav-item active"
          >
            <a
              class="nav-link active"
              href="/"
            >
              Home 
              <span
                class="sr-only"
              >
                (current)
              </span>
            </a>
          </li>
          <li
            class="nav-item "
          >
            <a
              class="nav-link "
              href="/game"
            >
              Now Playing
            </a>
          </li>
          <li
            class="nav-item "
          >
            <a
              class="nav-link "
              href="/history"
            >
              Previous Games
            </a>
          </li>
          <li
            class="nav-item "
          >
            <a
              class="login nav-link  "
              href="/user/login"
            >
              Log in
            </a>
          </li>
        </ul>
      </div>
    </nav>
    <nav
      aria-label="breadcrumb"
      class="navbar navbar-light breadcrumbs"
    >
      <ol
        class="breadcrumb"
      >
        <li
          class="breadcrumb-item active"
        >
          <span>
            Home
          </span>
        </li>
      </ol>
    </nav>
    <div
      class="version-info"
    >
      <p
        class="tags"
      />
      <p
        class="hash"
      >
        4d32f0d
      </p>
    </div>
  </div>
</DocumentFragment>
`;
